// Jest Snapshot v1, https://goo.gl/fbAQLP

exports[`Render large ProfilePicture with source image url string 1`] = `
<div
  className="profile-picture-container"
>
  <img
    alt="Profile Picture"
    className="profile-picture"
    src="daniel_einars-400x500.jpg"
  />
</div>
`;

exports[`Render small ProfilePicture with source image url string 1`] = `
<div
  className="profile-picture-container"
>
  <img
    alt="Profile Picture"
    className="profile-picture"
    src="daniel_einars-400x500.jpg"
  />
</div>
`;
