// Jest Snapshot v1, https://goo.gl/fbAQLP

exports[`Render Navigation 1`] = `
<pre
  style={
    Object {
      "MozHyphens": "none",
      "MozTabSize": "4",
      "OTabSize": "4",
      "WebkitHyphens": "none",
      "background": "#2d2d2d",
      "color": "#ccc",
      "fontFamily": "Consolas, Monaco, 'Andale Mono', 'Ubuntu Mono', monospace",
      "fontSize": "1.5rem",
      "hyphens": "none",
      "lineHeight": "1.5",
      "margin": ".5em 0",
      "msHyphens": "none",
      "overflow": "auto",
      "padding": "1em",
      "tabSize": "4",
      "textAlign": "left",
      "whiteSpace": "pre",
      "wordBreak": "normal",
      "wordSpacing": "normal",
      "wordWrap": "normal",
    }
  }
>
  <code
    style={
      Object {
        "MozHyphens": "none",
        "MozTabSize": "4",
        "OTabSize": "4",
        "WebkitHyphens": "none",
        "background": "none",
        "color": "#ccc",
        "fontFamily": "Consolas, Monaco, 'Andale Mono', 'Ubuntu Mono', monospace",
        "hyphens": "none",
        "lineHeight": "1.5",
        "msHyphens": "none",
        "tabSize": "4",
        "textAlign": "left",
        "whiteSpace": "pre",
        "wordBreak": "normal",
        "wordSpacing": "normal",
        "wordWrap": "normal",
      }
    }
  >
    <span
      className="token"
      style={
        Object {
          "color": "#cc99cd",
        }
      }
    >
      import
    </span>
     
    <span
      className="token maybe-class-name"
      style={Object {}}
    >
      React
    </span>
    <span
      className="token"
      style={
        Object {
          "color": "#ccc",
        }
      }
    >
      ,
    </span>
     
    <span
      className="token"
      style={
        Object {
          "color": "#ccc",
        }
      }
    >
      {
    </span>
     
    <span
      className="token maybe-class-name"
      style={Object {}}
    >
      Component
    </span>
     
    <span
      className="token"
      style={
        Object {
          "color": "#ccc",
        }
      }
    >
      }
    </span>
     
    <span
      className="token"
      style={
        Object {
          "color": "#cc99cd",
        }
      }
    >
      from
    </span>
     
    <span
      className="token"
      style={
        Object {
          "color": "#7ec699",
        }
      }
    >
      'react'
    </span>
    <span
      className="token"
      style={
        Object {
          "color": "#ccc",
        }
      }
    >
      ;
    </span>
  </code>
</pre>
`;
