// Jest Snapshot v1, https://goo.gl/fbAQLP

exports[`Render WelcomeMessage with text 1`] = `
<section>
  <h2
    className="heading-secondary welcome-message"
  >
    Hi! I'm Daniel Einars.
  </h2>
  <h3
    className="heading-tertiary u-center-text__horizontal u-center-text__padding"
  >
    I build websites & servers.
  </h3>
  <h4
    className="heading-quaternary u-center-text__horizontal"
  >
    Check out my 
    <a
      aria-current={null}
      href="/blog"
      onClick={[Function]}
    >
      first blog entry
    </a>
     on using React with Typescript!
  </h4>
</section>
`;
