// Jest Snapshot v1, https://goo.gl/fbAQLP

exports[`Expect to render complete Home 1`] = `
<section
  className=".home"
>
  <section>
    <h2
      className="heading-secondary"
    >
      Welcome to my corner of the internet.
    </h2>
    <p
      className="paragraph additional-paragraph-styles"
    >
      This is currently a work in progress. Not much here to see yet.
    </p>
  </section>
</section>
`;
